Analysis & Synthesis report for Single_Cycle_CPU
Thu Aug 01 16:47:58 2024
Quartus Prime Version 17.0.0 Build 595 04/25/2017 SJ Lite Edition


---------------------
; Table of Contents ;
---------------------
  1. Legal Notice
  2. Analysis & Synthesis Summary
  3. Analysis & Synthesis Settings
  4. Parallel Compilation
  5. Analysis & Synthesis Messages



----------------
; Legal Notice ;
----------------
Copyright (C) 2017  Intel Corporation. All rights reserved.
Your use of Intel Corporation's design tools, logic functions 
and other software and tools, and its AMPP partner logic 
functions, and any output files from any of the foregoing 
(including device programming or simulation files), and any 
associated documentation or information are expressly subject 
to the terms and conditions of the Intel Program License 
Subscription Agreement, the Intel Quartus Prime License Agreement,
the Intel MegaCore Function License Agreement, or other 
applicable license agreement, including, without limitation, 
that your use is for the sole purpose of programming logic 
devices manufactured by Intel and sold by Intel or its 
authorized distributors.  Please refer to the applicable 
agreement for further details.



+---------------------------------------------------------------------------+
; Analysis & Synthesis Summary                                              ;
+-----------------------------+---------------------------------------------+
; Analysis & Synthesis Status ; Failed - Thu Aug 01 16:47:58 2024           ;
; Quartus Prime Version       ; 17.0.0 Build 595 04/25/2017 SJ Lite Edition ;
; Revision Name               ; Single_Cycle_CPU                            ;
; Top-level Entity Name       ; Single_Cycle_CPU                            ;
; Family                      ; Cyclone V                                   ;
; Logic utilization (in ALMs) ; N/A until Partition Merge                   ;
; Total registers             ; N/A until Partition Merge                   ;
; Total pins                  ; N/A until Partition Merge                   ;
; Total virtual pins          ; N/A until Partition Merge                   ;
; Total block memory bits     ; N/A until Partition Merge                   ;
; Total PLLs                  ; N/A until Partition Merge                   ;
; Total DLLs                  ; N/A until Partition Merge                   ;
+-----------------------------+---------------------------------------------+


+---------------------------------------------------------------------------------------------------------------------------+
; Analysis & Synthesis Settings                                                                                             ;
+---------------------------------------------------------------------------------+--------------------+--------------------+
; Option                                                                          ; Setting            ; Default Value      ;
+---------------------------------------------------------------------------------+--------------------+--------------------+
; Device                                                                          ; 5CGXFC7C7F23C8     ;                    ;
; Top-level entity name                                                           ; Single_Cycle_CPU   ; Single_Cycle_CPU   ;
; Family name                                                                     ; Cyclone V          ; Cyclone V          ;
; Use smart compilation                                                           ; Off                ; Off                ;
; Enable parallel Assembler and TimeQuest Timing Analyzer during compilation      ; On                 ; On                 ;
; Enable compact report table                                                     ; Off                ; Off                ;
; Restructure Multiplexers                                                        ; Auto               ; Auto               ;
; MLAB Add Timing Constraints For Mixed-Port Feed-Through Mode Setting Don't Care ; Off                ; Off                ;
; Create Debugging Nodes for IP Cores                                             ; Off                ; Off                ;
; Preserve fewer node names                                                       ; On                 ; On                 ;
; OpenCore Plus hardware evaluation                                               ; Enable             ; Enable             ;
; Verilog Version                                                                 ; Verilog_2001       ; Verilog_2001       ;
; VHDL Version                                                                    ; VHDL_1993          ; VHDL_1993          ;
; State Machine Processing                                                        ; Auto               ; Auto               ;
; Safe State Machine                                                              ; Off                ; Off                ;
; Extract Verilog State Machines                                                  ; On                 ; On                 ;
; Extract VHDL State Machines                                                     ; On                 ; On                 ;
; Ignore Verilog initial constructs                                               ; Off                ; Off                ;
; Iteration limit for constant Verilog loops                                      ; 5000               ; 5000               ;
; Iteration limit for non-constant Verilog loops                                  ; 250                ; 250                ;
; Add Pass-Through Logic to Inferred RAMs                                         ; On                 ; On                 ;
; Infer RAMs from Raw Logic                                                       ; On                 ; On                 ;
; Parallel Synthesis                                                              ; On                 ; On                 ;
; DSP Block Balancing                                                             ; Auto               ; Auto               ;
; NOT Gate Push-Back                                                              ; On                 ; On                 ;
; Power-Up Don't Care                                                             ; On                 ; On                 ;
; Remove Redundant Logic Cells                                                    ; Off                ; Off                ;
; Remove Duplicate Registers                                                      ; On                 ; On                 ;
; Ignore CARRY Buffers                                                            ; Off                ; Off                ;
; Ignore CASCADE Buffers                                                          ; Off                ; Off                ;
; Ignore GLOBAL Buffers                                                           ; Off                ; Off                ;
; Ignore ROW GLOBAL Buffers                                                       ; Off                ; Off                ;
; Ignore LCELL Buffers                                                            ; Off                ; Off                ;
; Ignore SOFT Buffers                                                             ; On                 ; On                 ;
; Limit AHDL Integers to 32 Bits                                                  ; Off                ; Off                ;
; Optimization Technique                                                          ; Balanced           ; Balanced           ;
; Carry Chain Length                                                              ; 70                 ; 70                 ;
; Auto Carry Chains                                                               ; On                 ; On                 ;
; Auto Open-Drain Pins                                                            ; On                 ; On                 ;
; Perform WYSIWYG Primitive Resynthesis                                           ; Off                ; Off                ;
; Auto ROM Replacement                                                            ; On                 ; On                 ;
; Auto RAM Replacement                                                            ; On                 ; On                 ;
; Auto DSP Block Replacement                                                      ; On                 ; On                 ;
; Auto Shift Register Replacement                                                 ; Auto               ; Auto               ;
; Allow Shift Register Merging across Hierarchies                                 ; Auto               ; Auto               ;
; Auto Clock Enable Replacement                                                   ; On                 ; On                 ;
; Strict RAM Replacement                                                          ; Off                ; Off                ;
; Allow Synchronous Control Signals                                               ; On                 ; On                 ;
; Force Use of Synchronous Clear Signals                                          ; Off                ; Off                ;
; Auto Resource Sharing                                                           ; Off                ; Off                ;
; Allow Any RAM Size For Recognition                                              ; Off                ; Off                ;
; Allow Any ROM Size For Recognition                                              ; Off                ; Off                ;
; Allow Any Shift Register Size For Recognition                                   ; Off                ; Off                ;
; Use LogicLock Constraints during Resource Balancing                             ; On                 ; On                 ;
; Ignore translate_off and synthesis_off directives                               ; Off                ; Off                ;
; Timing-Driven Synthesis                                                         ; On                 ; On                 ;
; Report Parameter Settings                                                       ; On                 ; On                 ;
; Report Source Assignments                                                       ; On                 ; On                 ;
; Report Connectivity Checks                                                      ; On                 ; On                 ;
; Ignore Maximum Fan-Out Assignments                                              ; Off                ; Off                ;
; Synchronization Register Chain Length                                           ; 3                  ; 3                  ;
; PowerPlay Power Optimization During Synthesis                                   ; Normal compilation ; Normal compilation ;
; HDL message level                                                               ; Level2             ; Level2             ;
; Suppress Register Optimization Related Messages                                 ; Off                ; Off                ;
; Number of Removed Registers Reported in Synthesis Report                        ; 5000               ; 5000               ;
; Number of Swept Nodes Reported in Synthesis Report                              ; 5000               ; 5000               ;
; Number of Inverted Registers Reported in Synthesis Report                       ; 100                ; 100                ;
; Clock MUX Protection                                                            ; On                 ; On                 ;
; Auto Gated Clock Conversion                                                     ; Off                ; Off                ;
; Block Design Naming                                                             ; Auto               ; Auto               ;
; SDC constraint protection                                                       ; Off                ; Off                ;
; Synthesis Effort                                                                ; Auto               ; Auto               ;
; Shift Register Replacement - Allow Asynchronous Clear Signal                    ; On                 ; On                 ;
; Pre-Mapping Resynthesis Optimization                                            ; Off                ; Off                ;
; Analysis & Synthesis Message Level                                              ; Medium             ; Medium             ;
; Disable Register Merging Across Hierarchies                                     ; Auto               ; Auto               ;
; Resource Aware Inference For Block RAM                                          ; On                 ; On                 ;
; Automatic Parallel Synthesis                                                    ; On                 ; On                 ;
; Partial Reconfiguration Bitstream ID                                            ; Off                ; Off                ;
+---------------------------------------------------------------------------------+--------------------+--------------------+


+------------------------------------------+
; Parallel Compilation                     ;
+----------------------------+-------------+
; Processors                 ; Number      ;
+----------------------------+-------------+
; Number detected on machine ; 12          ;
; Maximum allowed            ; 6           ;
;                            ;             ;
; Average used               ; 1.00        ;
; Maximum used               ; 1           ;
;                            ;             ;
; Usage by Processor         ; % Time Used ;
;     Processor 1            ; 100.0%      ;
+----------------------------+-------------+


+-------------------------------+
; Analysis & Synthesis Messages ;
+-------------------------------+
Info: *******************************************************************
Info: Running Quartus Prime Analysis & Synthesis
    Info: Version 17.0.0 Build 595 04/25/2017 SJ Lite Edition
    Info: Processing started: Thu Aug 01 16:47:48 2024
Info: Command: quartus_map --read_settings_files=on --write_settings_files=off Single_Cycle_CPU -c Single_Cycle_CPU
Warning (18236): Number of processors has not been specified which may cause overloading on shared machines.  Set the global assignment NUM_PARALLEL_PROCESSORS in your QSF to an appropriate value for best performance.
Info (20030): Parallel compilation is enabled and will use 6 of the 6 processors detected
Info (12021): Found 2 design units, including 2 entities, in source file single_cycle_cpu.sv
    Info (12023): Found entity 1: Single_Cycle_CPU File: D:/EE469 Lab4/EE 469 Lab 4/Single_Cycle_CPU.sv Line: 3
    Info (12023): Found entity 2: Single_Cycle_CPU_tb File: D:/EE469 Lab4/EE 469 Lab 4/Single_Cycle_CPU.sv Line: 338
Info (12021): Found 2 design units, including 2 entities, in source file instructmem.sv
    Info (12023): Found entity 1: instructmem File: D:/EE469 Lab4/EE 469 Lab 4/instructmem.sv Line: 25
    Info (12023): Found entity 2: instructmem_testbench File: D:/EE469 Lab4/EE 469 Lab 4/instructmem.sv Line: 65
Info (12021): Found 4 design units, including 4 entities, in source file math.sv
    Info (12023): Found entity 1: mult File: D:/EE469 Lab4/EE 469 Lab 4/math.sv Line: 8
    Info (12023): Found entity 2: shifter File: D:/EE469 Lab4/EE 469 Lab 4/math.sv Line: 38
    Info (12023): Found entity 3: shifter_testbench File: D:/EE469 Lab4/EE 469 Lab 4/math.sv Line: 55
    Info (12023): Found entity 4: mult_testbench File: D:/EE469 Lab4/EE 469 Lab 4/math.sv Line: 75
Info (12021): Found 2 design units, including 2 entities, in source file datamem.sv
    Info (12023): Found entity 1: datamem File: D:/EE469 Lab4/EE 469 Lab 4/datamem.sv Line: 12
    Info (12023): Found entity 2: datamem_testbench File: D:/EE469 Lab4/EE 469 Lab 4/datamem.sv Line: 70
Info (12021): Found 1 design units, including 1 entities, in source file zero_flag.sv
    Info (12023): Found entity 1: zero_flag File: D:/EE469 Lab4/EE 469 Lab 4/zero_flag.sv Line: 5
Info (12021): Found 1 design units, including 1 entities, in source file decoder1x2.sv
    Info (12023): Found entity 1: Decoder1x2 File: D:/EE469 Lab4/EE 469 Lab 4/Decoder1x2.sv Line: 6
Info (12021): Found 1 design units, including 1 entities, in source file decoder2x4.sv
    Info (12023): Found entity 1: Decoder2x4 File: D:/EE469 Lab4/EE 469 Lab 4/Decoder2x4.sv Line: 6
Info (12021): Found 1 design units, including 1 entities, in source file decoder3x8.sv
    Info (12023): Found entity 1: Decoder3x8 File: D:/EE469 Lab4/EE 469 Lab 4/Decoder3x8.sv Line: 6
Info (12021): Found 1 design units, including 1 entities, in source file decoder5x32.sv
    Info (12023): Found entity 1: Decoder5x32 File: D:/EE469 Lab4/EE 469 Lab 4/Decoder5x32.sv Line: 6
Info (12021): Found 1 design units, including 1 entities, in source file d_ff.sv
    Info (12023): Found entity 1: D_FF File: D:/EE469 Lab4/EE 469 Lab 4/D_FF.sv Line: 5
Info (12021): Found 1 design units, including 1 entities, in source file dffenable.sv
    Info (12023): Found entity 1: DFFEnable File: D:/EE469 Lab4/EE 469 Lab 4/DFFEnable.sv Line: 5
Info (12021): Found 1 design units, including 1 entities, in source file mux2x1.sv
    Info (12023): Found entity 1: MUX2x1 File: D:/EE469 Lab4/EE 469 Lab 4/MUX2x1.sv Line: 6
Info (12021): Found 1 design units, including 1 entities, in source file mux4x1.sv
    Info (12023): Found entity 1: MUX4x1 File: D:/EE469 Lab4/EE 469 Lab 4/MUX4x1.sv Line: 6
Info (12021): Found 1 design units, including 1 entities, in source file mux8x1.sv
    Info (12023): Found entity 1: MUX8x1 File: D:/EE469 Lab4/EE 469 Lab 4/MUX8x1.sv Line: 6
Info (12021): Found 1 design units, including 1 entities, in source file mux16x1.sv
    Info (12023): Found entity 1: MUX16x1 File: D:/EE469 Lab4/EE 469 Lab 4/MUX16x1.sv Line: 6
Info (12021): Found 1 design units, including 1 entities, in source file mux32x1.sv
    Info (12023): Found entity 1: MUX32x1 File: D:/EE469 Lab4/EE 469 Lab 4/MUX32x1.sv Line: 6
Info (12021): Found 1 design units, including 1 entities, in source file mux64x8x1.sv
    Info (12023): Found entity 1: MUX64x8x1 File: D:/EE469 Lab4/EE 469 Lab 4/MUX64x8x1.sv Line: 5
Info (12021): Found 1 design units, including 1 entities, in source file mux64x32x1.sv
    Info (12023): Found entity 1: MUX64x32x1 File: D:/EE469 Lab4/EE 469 Lab 4/MUX64x32x1.sv Line: 6
Info (12021): Found 1 design units, including 1 entities, in source file register64.sv
    Info (12023): Found entity 1: register64 File: D:/EE469 Lab4/EE 469 Lab 4/register64.sv Line: 6
Info (12021): Found 1 design units, including 1 entities, in source file addersubtractor.sv
    Info (12023): Found entity 1: AdderSubtractor File: D:/EE469 Lab4/EE 469 Lab 4/AdderSubtractor.sv Line: 5
Info (12021): Found 1 design units, including 1 entities, in source file fulladder.sv
    Info (12023): Found entity 1: FullAdder File: D:/EE469 Lab4/EE 469 Lab 4/FullAdder.sv Line: 5
Info (12021): Found 1 design units, including 1 entities, in source file regfile.sv
    Info (12023): Found entity 1: regfile File: D:/EE469 Lab4/EE 469 Lab 4/regfile.sv Line: 6
Info (12021): Found 1 design units, including 1 entities, in source file armalu.sv
    Info (12023): Found entity 1: ARMALU File: D:/EE469 Lab4/EE 469 Lab 4/ARMALU.sv Line: 6
Info (12021): Found 1 design units, including 1 entities, in source file program_counter.sv
    Info (12023): Found entity 1: program_counter File: D:/EE469 Lab4/EE 469 Lab 4/program_counter.sv Line: 4
Info (12021): Found 1 design units, including 1 entities, in source file control.sv
    Info (12023): Found entity 1: control File: D:/EE469 Lab4/EE 469 Lab 4/control.sv Line: 5
Info (12021): Found 1 design units, including 1 entities, in source file sign_extended.sv
    Info (12023): Found entity 1: sign_extended File: D:/EE469 Lab4/EE 469 Lab 4/sign_extended.sv Line: 5
Info (12021): Found 1 design units, including 1 entities, in source file mux64x2x1.sv
    Info (12023): Found entity 1: MUX64x2x1 File: D:/EE469 Lab4/EE 469 Lab 4/MUX64x2x1.sv Line: 5
Info (12021): Found 1 design units, including 1 entities, in source file mux64x4x1.sv
    Info (12023): Found entity 1: MUX64x4x1 File: D:/EE469 Lab4/EE 469 Lab 4/MUX64x4x1.sv Line: 5
Info (12021): Found 1 design units, including 1 entities, in source file forwardunit.sv
    Info (12023): Found entity 1: forwardUnit File: D:/EE469 Lab4/EE 469 Lab 4/forwardUnit.sv Line: 2
Info (12021): Found 0 design units, including 0 entities, in source file hazard_detection.sv
Info (12021): Found 1 design units, including 1 entities, in source file pipelined_register_64.sv
    Info (12023): Found entity 1: Pipelined_register_64 File: D:/EE469 Lab4/EE 469 Lab 4/Pipelined_register_64.sv Line: 2
Info (12021): Found 1 design units, including 1 entities, in source file pipelined_register_32.sv
    Info (12023): Found entity 1: Pipelined_register_32 File: D:/EE469 Lab4/EE 469 Lab 4/Pipelined_register_32.sv Line: 2
Info (12021): Found 1 design units, including 1 entities, in source file pipelined_register.sv
    Info (12023): Found entity 1: Pipelined_register File: D:/EE469 Lab4/EE 469 Lab 4/Pipelined_register.sv Line: 3
Info (12021): Found 1 design units, including 1 entities, in source file pipelined_register_5.sv
    Info (12023): Found entity 1: Pipelined_register_5 File: D:/EE469 Lab4/EE 469 Lab 4/Pipelined_register_5.sv Line: 2
Info (12021): Found 1 design units, including 1 entities, in source file mux2x1_param.sv
    Info (12023): Found entity 1: MUX2x1_PARAM File: D:/EE469 Lab4/EE 469 Lab 4/MUX2X1_PARAM.sv Line: 6
Info (12127): Elaborating entity "Single_Cycle_CPU" for the top level hierarchy
Info (12128): Elaborating entity "control" for hierarchy "control:ctrl" File: D:/EE469 Lab4/EE 469 Lab 4/Single_Cycle_CPU.sv Line: 37
Info (12128): Elaborating entity "program_counter" for hierarchy "program_counter:pc" File: D:/EE469 Lab4/EE 469 Lab 4/Single_Cycle_CPU.sv Line: 44
Info (12128): Elaborating entity "FullAdder" for hierarchy "program_counter:pc|FullAdder:FA01" File: D:/EE469 Lab4/EE 469 Lab 4/program_counter.sv Line: 17
Info (12128): Elaborating entity "register64" for hierarchy "program_counter:pc|register64:reg64" File: D:/EE469 Lab4/EE 469 Lab 4/program_counter.sv Line: 21
Info (12128): Elaborating entity "DFFEnable" for hierarchy "program_counter:pc|register64:reg64|DFFEnable:reg64s[0].d" File: D:/EE469 Lab4/EE 469 Lab 4/register64.sv Line: 15
Info (12128): Elaborating entity "MUX2x1" for hierarchy "program_counter:pc|register64:reg64|DFFEnable:reg64s[0].d|MUX2x1:mu1" File: D:/EE469 Lab4/EE 469 Lab 4/DFFEnable.sv Line: 10
Info (12128): Elaborating entity "D_FF" for hierarchy "program_counter:pc|register64:reg64|DFFEnable:reg64s[0].d|D_FF:de" File: D:/EE469 Lab4/EE 469 Lab 4/DFFEnable.sv Line: 11
Info (12128): Elaborating entity "MUX64x2x1" for hierarchy "program_counter:pc|MUX64x2x1:mu1" File: D:/EE469 Lab4/EE 469 Lab 4/program_counter.sv Line: 34
Info (12128): Elaborating entity "instructmem" for hierarchy "instructmem:inst" File: D:/EE469 Lab4/EE 469 Lab 4/Single_Cycle_CPU.sv Line: 47
Warning (10175): Verilog HDL warning at instructmem.sv(32): ignoring unsupported system task File: D:/EE469 Lab4/EE 469 Lab 4/instructmem.sv Line: 32
Error (10170): Verilog HDL syntax error at test02_AddsSubs.arm(39) near text: _. Check for and fix any syntax errors that appear immediately before or at the specified keyword. The Intel FPGA Knowledge Database contains many articles with specific details on how to resolve this error. Visit the Knowledge Database at https://www.altera.com/support/support-resources/knowledge-base/search.html and search for this specific error message number. File: D:/EE469 Lab4/EE 469 Lab 4/test02_AddsSubs.arm Line: 39
Info (10648): Verilog HDL Display System Task info at instructmem.sv(51): Running benchmark:  File: D:/EE469 Lab4/EE 469 Lab 4/instructmem.sv Line: 51
Error (12152): Can't elaborate user hierarchy "instructmem:inst" File: D:/EE469 Lab4/EE 469 Lab 4/Single_Cycle_CPU.sv Line: 47
Error: Quartus Prime Analysis & Synthesis was unsuccessful. 2 errors, 2 warnings
    Error: Peak virtual memory: 4774 megabytes
    Error: Processing ended: Thu Aug 01 16:47:58 2024
    Error: Elapsed time: 00:00:10
    Error: Total CPU time (on all processors): 00:00:22


